// Jest Snapshot v1, https://goo.gl/fbAQLP

exports[`Audit Logs Snapshot Renders Audit logs 1`] = `Screen {}`;
